Deploy initial infrastructure to kubernetes cluster such as
metal3.io, argo, tiller and other manifest documents with appropriate labels

Usage:
  apply [flags]

Examples:

# Deploy infrastructure to a cluster
airshipctl phase apply --phase-name initinfra


Flags:
      --cluster-type string   select cluster type to deploy initial infrastructure to; currently only ephemeral is supported (default "ephemeral")
      --dry-run               don't deliver documents to the cluster, simulate the changes instead
  -h, --help                  help for apply
      --phase-name string     select cluster type to deploy initial infrastructure to; currently only ephemeral is supported (default "initinfra")
      --prune                 if set to true, command will delete all kubernetes resources that are not defined in airship documents and have airshipit.org/deployed=apply label
